<!DOCTYPE html>
<html lang="ru">
    <head>
        <meta charset="utf-8">
        <title>Курсы по программированию Хекслет</title>
        <link rel="stylesheet" media="all" href="HTTPS://CDN2.HEXLET.IO/ASSETS/MENU.CSS">
        <link rel="stylesheet" media="all" href="/ASSETS/APPLICATION.CSS">
        <link href="/COURSES" rel="canonical">
    </head>
    <body>
        <img src="/ASSETS/PROFESSIONS/NODEJS.PNG" alt="Иконка профессии Node.js-программист">
        <h3>
            <a href="/professions/nodejs">Node.js-программист</a>
        </h3>
        <script src="HTTPS://JS.STRIPE.COM/V3/"></script>
        <script src="HTTPS://RU.HEXLET.IO/PACKS/JS/RUNTIME.JS"></script>
    </body>
</html>